// Jest Snapshot v1, https://goo.gl/fbAQLP

exports[`ParameterField tests Should render with label and value 1`] = `
Array [
  <div
    className="field parameter-field"
  >
    <label
      className="parameter-field-label"
    >
      myTestLabel
    </label>
    <input
      className="parameter-field-value"
      disabled={false}
      onBlur={[Function]}
      onChange={[Function]}
      readOnly={false}
      type="text"
      value="myTestValue"
    />
  </div>,
]
`;
