// Jest Snapshot v1, https://goo.gl/fbAQLP

exports[`StepList tests should render StepList 1`] = `
Array [
  <div
    className="ui container"
  >
    <div
      className="ui large form"
    >
      <div
        className="four fields"
      >
        <ParameterField
          label="Pressure"
          readOnly={false}
          updateValue={[Function]}
          value={10000}
        />
        <ParameterField
          label="Volume"
          readOnly={false}
          updateValue={[Function]}
          value={1}
        />
        <ParameterField
          label="Temperature"
          readOnly={false}
          updateValue={[Function]}
          value={100}
        />
        <ParameterField
          label="Entropy"
          readOnly={true}
          updateValue={[Function]}
          value={1}
        />
      </div>
    </div>
  </div>,
]
`;
