// Jest Snapshot v1, https://goo.gl/fbAQLP

exports[`StepList tests should render StepList 1`] = `
<div
  className="ui container"
>
  <div
    className="ui large form"
  >
    <div
      className="fields"
    >
      <div
        className="field parameter-field"
      >
        <label
          className="parameter-field-label"
        >
          Pressure
        </label>
        <input
          className="parameter-field-value"
          disabled={false}
          onBlur={[Function]}
          onChange={[Function]}
          readOnly={false}
          type="text"
          value={1000000}
        />
      </div>
      <div
        className="field parameter-field"
      >
        <label
          className="parameter-field-label"
        >
          Volume
        </label>
        <input
          className="parameter-field-value"
          disabled={false}
          onBlur={[Function]}
          onChange={[Function]}
          readOnly={false}
          type="text"
          value={5}
        />
      </div>
      <div
        className="field parameter-field"
      >
        <label
          className="parameter-field-label"
        >
          Temperature
        </label>
        <input
          className="parameter-field-value"
          disabled={false}
          onBlur={[Function]}
          onChange={[Function]}
          readOnly={false}
          type="text"
          value={100}
        />
      </div>
      <div
        className="field parameter-field"
      >
        <label
          className="parameter-field-label"
        >
          Entropy
        </label>
        <input
          className="parameter-field-value"
          disabled={false}
          onBlur={[Function]}
          onChange={[Function]}
          readOnly={false}
          type="text"
          value={5}
        />
      </div>
    </div>
    <div
      className="fields"
    >
      <div
        className="step-list-dropdown-wrapper"
      >
        <div
          className="field"
        >
          <label>
            Step Type
          </label>
          <div
            aria-describedby={null}
            aria-expanded={false}
            className="ui search selection dropdown"
            onBlur={[Function]}
            onChange={[Function]}
            onClick={[Function]}
            onFocus={[Function]}
            onKeyDown={[Function]}
            onMouseDown={[Function]}
            role="combobox"
          >
            <input
              aria-autocomplete="list"
              autoComplete="off"
              className="search"
              onChange={[Function]}
              style={
                Object {
                  "width": undefined,
                }
              }
              tabIndex={0}
              type="text"
              value=""
            />
            <div
              aria-atomic={true}
              aria-live="polite"
              className="divider text"
              role="alert"
            >
              Isobaric
            </div>
            <i
              aria-hidden="true"
              className="dropdown icon"
              onClick={[Function]}
            />
            <div
              className="menu transition"
              role="listbox"
            >
              <div
                aria-checked={false}
                aria-selected={false}
                className="item"
                onClick={[Function]}
                role="option"
                style={
                  Object {
                    "pointerEvents": "all",
                  }
                }
              >
                <span
                  className="text"
                >
                  (None)
                </span>
              </div>
              <div
                aria-checked={true}
                aria-selected={true}
                className="active selected item"
                onClick={[Function]}
                role="option"
                style={
                  Object {
                    "pointerEvents": "all",
                  }
                }
              >
                <span
                  className="text"
                >
                  Isobaric
                </span>
              </div>
              <div
                aria-checked={false}
                aria-selected={false}
                className="item"
                onClick={[Function]}
                role="option"
                style={
                  Object {
                    "pointerEvents": "all",
                  }
                }
              >
                <span
                  className="text"
                >
                  Isochoric
                </span>
              </div>
              <div
                aria-checked={false}
                aria-selected={false}
                className="item"
                onClick={[Function]}
                role="option"
                style={
                  Object {
                    "pointerEvents": "all",
                  }
                }
              >
                <span
                  className="text"
                >
                  Isothermal
                </span>
              </div>
              <div
                aria-checked={false}
                aria-selected={false}
                className="item"
                onClick={[Function]}
                role="option"
                style={
                  Object {
                    "pointerEvents": "all",
                  }
                }
              >
                <span
                  className="text"
                >
                  Isentropic
                </span>
              </div>
            </div>
          </div>
        </div>
      </div>
      <div
        className="field parameter-field"
      >
        <label
          className="parameter-field-label"
        >
          Entropy Change
        </label>
        <input
          className="parameter-field-value"
          disabled={true}
          onBlur={[Function]}
          onChange={[Function]}
          readOnly={true}
          type="text"
          value={300}
        />
      </div>
    </div>
  </div>
</div>
`;
