// Jest Snapshot v1, https://goo.gl/fbAQLP

exports[`StepListItem tests should render StepListItem 1`] = `
Array [
  <div
    className="ui container"
  >
    <div
      className="ui large form"
    >
      <div
        className="four fields"
      >
        <ParameterField
          label="Pressure"
          readOnly={false}
          updateKey="pressure"
          updateValue={[Function]}
        />
        <ParameterField
          label="Volume"
          readOnly={false}
          updateKey="volume"
          updateValue={[Function]}
        />
        <ParameterField
          label="Temperature"
          readOnly={false}
          updateKey="temperature"
          updateValue={[Function]}
        />
        <ParameterField
          label="Entropy"
          readOnly={true}
          updateKey="entropy"
          updateValue={[Function]}
        />
      </div>
    </div>
  </div>,
]
`;
